Archive member included to satisfy reference by file (symbol)

D:/ProgramFiles/PATH/arm-gnu-toolchain-13.3.rel1-mingw-w64-i686-arm-none-eabi/arm-gnu-toolchain-13.3.rel1-mingw-w64-i686-arm-none-eabi/bin/../lib/gcc/arm-none-eabi/13.3.1/thumb/v7-m/nofp\libg.a(libc_a-exit.o)
                              D:/ProgramFiles/PATH/arm-gnu-toolchain-13.3.rel1-mingw-w64-i686-arm-none-eabi/arm-gnu-toolchain-13.3.rel1-mingw-w64-i686-arm-none-eabi/bin/../lib/gcc/arm-none-eabi/13.3.1/thumb/v7-m/nofp/crt0.o (exit)
D:/ProgramFiles/PATH/arm-gnu-toolchain-13.3.rel1-mingw-w64-i686-arm-none-eabi/arm-gnu-toolchain-13.3.rel1-mingw-w64-i686-arm-none-eabi/bin/../lib/gcc/arm-none-eabi/13.3.1/thumb/v7-m/nofp\libg.a(libc_a-findfp.o)
                              D:/ProgramFiles/PATH/arm-gnu-toolchain-13.3.rel1-mingw-w64-i686-arm-none-eabi/arm-gnu-toolchain-13.3.rel1-mingw-w64-i686-arm-none-eabi/bin/../lib/gcc/arm-none-eabi/13.3.1/thumb/v7-m/nofp\libg.a(libc_a-exit.o) (__stdio_exit_handler)
D:/ProgramFiles/PATH/arm-gnu-toolchain-13.3.rel1-mingw-w64-i686-arm-none-eabi/arm-gnu-toolchain-13.3.rel1-mingw-w64-i686-arm-none-eabi/bin/../lib/gcc/arm-none-eabi/13.3.1/thumb/v7-m/nofp\libg.a(libc_a-fwalk.o)
                              D:/ProgramFiles/PATH/arm-gnu-toolchain-13.3.rel1-mingw-w64-i686-arm-none-eabi/arm-gnu-toolchain-13.3.rel1-mingw-w64-i686-arm-none-eabi/bin/../lib/gcc/arm-none-eabi/13.3.1/thumb/v7-m/nofp\libg.a(libc_a-findfp.o) (_fwalk_sglue)
D:/ProgramFiles/PATH/arm-gnu-toolchain-13.3.rel1-mingw-w64-i686-arm-none-eabi/arm-gnu-toolchain-13.3.rel1-mingw-w64-i686-arm-none-eabi/bin/../lib/gcc/arm-none-eabi/13.3.1/thumb/v7-m/nofp\libg.a(libc_a-stdio.o)
                              D:/ProgramFiles/PATH/arm-gnu-toolchain-13.3.rel1-mingw-w64-i686-arm-none-eabi/arm-gnu-toolchain-13.3.rel1-mingw-w64-i686-arm-none-eabi/bin/../lib/gcc/arm-none-eabi/13.3.1/thumb/v7-m/nofp\libg.a(libc_a-findfp.o) (__sread)
D:/ProgramFiles/PATH/arm-gnu-toolchain-13.3.rel1-mingw-w64-i686-arm-none-eabi/arm-gnu-toolchain-13.3.rel1-mingw-w64-i686-arm-none-eabi/bin/../lib/gcc/arm-none-eabi/13.3.1/thumb/v7-m/nofp\libg.a(libc_a-memset.o)
                              D:/ProgramFiles/PATH/arm-gnu-toolchain-13.3.rel1-mingw-w64-i686-arm-none-eabi/arm-gnu-toolchain-13.3.rel1-mingw-w64-i686-arm-none-eabi/bin/../lib/gcc/arm-none-eabi/13.3.1/thumb/v7-m/nofp/crt0.o (memset)
D:/ProgramFiles/PATH/arm-gnu-toolchain-13.3.rel1-mingw-w64-i686-arm-none-eabi/arm-gnu-toolchain-13.3.rel1-mingw-w64-i686-arm-none-eabi/bin/../lib/gcc/arm-none-eabi/13.3.1/thumb/v7-m/nofp\libg.a(libc_a-closer.o)
                              D:/ProgramFiles/PATH/arm-gnu-toolchain-13.3.rel1-mingw-w64-i686-arm-none-eabi/arm-gnu-toolchain-13.3.rel1-mingw-w64-i686-arm-none-eabi/bin/../lib/gcc/arm-none-eabi/13.3.1/thumb/v7-m/nofp\libg.a(libc_a-stdio.o) (_close_r)
D:/ProgramFiles/PATH/arm-gnu-toolchain-13.3.rel1-mingw-w64-i686-arm-none-eabi/arm-gnu-toolchain-13.3.rel1-mingw-w64-i686-arm-none-eabi/bin/../lib/gcc/arm-none-eabi/13.3.1/thumb/v7-m/nofp\libg.a(libc_a-reent.o)
                              D:/ProgramFiles/PATH/arm-gnu-toolchain-13.3.rel1-mingw-w64-i686-arm-none-eabi/arm-gnu-toolchain-13.3.rel1-mingw-w64-i686-arm-none-eabi/bin/../lib/gcc/arm-none-eabi/13.3.1/thumb/v7-m/nofp\libg.a(libc_a-closer.o) (errno)
D:/ProgramFiles/PATH/arm-gnu-toolchain-13.3.rel1-mingw-w64-i686-arm-none-eabi/arm-gnu-toolchain-13.3.rel1-mingw-w64-i686-arm-none-eabi/bin/../lib/gcc/arm-none-eabi/13.3.1/thumb/v7-m/nofp\libg.a(libc_a-impure.o)
                              D:/ProgramFiles/PATH/arm-gnu-toolchain-13.3.rel1-mingw-w64-i686-arm-none-eabi/arm-gnu-toolchain-13.3.rel1-mingw-w64-i686-arm-none-eabi/bin/../lib/gcc/arm-none-eabi/13.3.1/thumb/v7-m/nofp\libg.a(libc_a-reent.o) (_impure_ptr)
D:/ProgramFiles/PATH/arm-gnu-toolchain-13.3.rel1-mingw-w64-i686-arm-none-eabi/arm-gnu-toolchain-13.3.rel1-mingw-w64-i686-arm-none-eabi/bin/../lib/gcc/arm-none-eabi/13.3.1/thumb/v7-m/nofp\libg.a(libc_a-lseekr.o)
                              D:/ProgramFiles/PATH/arm-gnu-toolchain-13.3.rel1-mingw-w64-i686-arm-none-eabi/arm-gnu-toolchain-13.3.rel1-mingw-w64-i686-arm-none-eabi/bin/../lib/gcc/arm-none-eabi/13.3.1/thumb/v7-m/nofp\libg.a(libc_a-stdio.o) (_lseek_r)
D:/ProgramFiles/PATH/arm-gnu-toolchain-13.3.rel1-mingw-w64-i686-arm-none-eabi/arm-gnu-toolchain-13.3.rel1-mingw-w64-i686-arm-none-eabi/bin/../lib/gcc/arm-none-eabi/13.3.1/thumb/v7-m/nofp\libg.a(libc_a-readr.o)
                              D:/ProgramFiles/PATH/arm-gnu-toolchain-13.3.rel1-mingw-w64-i686-arm-none-eabi/arm-gnu-toolchain-13.3.rel1-mingw-w64-i686-arm-none-eabi/bin/../lib/gcc/arm-none-eabi/13.3.1/thumb/v7-m/nofp\libg.a(libc_a-stdio.o) (_read_r)
D:/ProgramFiles/PATH/arm-gnu-toolchain-13.3.rel1-mingw-w64-i686-arm-none-eabi/arm-gnu-toolchain-13.3.rel1-mingw-w64-i686-arm-none-eabi/bin/../lib/gcc/arm-none-eabi/13.3.1/thumb/v7-m/nofp\libg.a(libc_a-writer.o)
[...]
Memory Configuration

Name             Origin             Length             Attributes
RAM              0x20000000         0x0000c000         xrw
FLASH            0x08000000         0x00040000         xr
*default*        0x00000000         0xffffffff

Linker script and memory map

LOAD D:/ProgramFiles/PATH/arm-gnu-toolchain-13.3.rel1-mingw-w64-i686-arm-none-eabi/arm-gnu-toolchain-13.3.rel1-mingw-w64-i686-arm-none-eabi/bin/../lib/gcc/arm-none-eabi/13.3.1/thumb/v7-m/nofp/crti.o
LOAD D:/ProgramFiles/PATH/arm-gnu-toolchain-13.3.rel1-mingw-w64-i686-arm-none-eabi/arm-gnu-toolchain-13.3.rel1-mingw-w64-i686-arm-none-eabi/bin/../lib/gcc/arm-none-eabi/13.3.1/thumb/v7-m/nofp/crtbegin.o
LOAD D:/ProgramFiles/PATH/arm-gnu-toolchain-13.3.rel1-mingw-w64-i686-arm-none-eabi/arm-gnu-toolchain-13.3.rel1-mingw-w64-i686-arm-none-eabi/bin/../lib/gcc/arm-none-eabi/13.3.1/thumb/v7-m/nofp/crt0.o
LOAD CMakeFiles/Balance_car_YuanDongMing.elf.dir/Core/Src/gpio.c.obj
LOAD CMakeFiles/Balance_car_YuanDongMing.elf.dir/Core/Src/main.c.obj
LOAD CMakeFiles/Balance_car_YuanDongMing.elf.dir/Core/Src/stm32f1xx_hal_msp.c.obj
LOAD CMakeFiles/Balance_car_YuanDongMing.elf.dir/Core/Src/stm32f1xx_it.c.obj
LOAD CMakeFiles/Balance_car_YuanDongMing.elf.dir/Core/Src/syscalls.c.obj
LOAD CMakeFiles/Balance_car_YuanDongMing.elf.dir/Core/Src/sysmem.c.obj
LOAD CMakeFiles/Balance_car_YuanDongMing.elf.dir/Core/Src/system_stm32f1xx.c.obj
LOAD CMakeFiles/Balance_car_YuanDongMing.elf.dir/Core/Startup/startup_stm32f103rctx.s.obj
LOAD CMakeFiles/Balance_car_YuanDongMing.elf.dir/Drivers/STM32F1xx_HAL_Driver/Src/stm32f1xx_hal.c.obj
LOAD CMakeFiles/Balance_car_YuanDongMing.elf.dir/Drivers/STM32F1xx_HAL_Driver/Src/stm32f1xx_hal_cortex.c.obj
LOAD CMakeFiles/Balance_car_YuanDongMing.elf.dir/Drivers/STM32F1xx_HAL_Driver/Src/stm32f1xx_hal_dma.c.obj
LOAD CMakeFiles/Balance_car_YuanDongMing.elf.dir/Drivers/STM32F1xx_HAL_Driver/Src/stm32f1xx_hal_exti.c.obj
LOAD CMakeFiles/Balance_car_YuanDongMing.elf.dir/Drivers/STM32F1xx_HAL_Driver/Src/stm32f1xx_hal_flash.c.obj
LOAD CMakeFiles/Balance_car_YuanDongMing.elf.dir/Drivers/STM32F1xx_HAL_Driver/Src/stm32f1xx_hal_flash_ex.c.obj
LOAD CMakeFiles/Balance_car_YuanDongMing.elf.dir/Drivers/STM32F1xx_HAL_Driver/Src/stm32f1xx_hal_gpio.c.obj
LOAD CMakeFiles/Balance_car_YuanDongMing.elf.dir/Drivers/STM32F1xx_HAL_Driver/Src/stm32f1xx_hal_gpio_ex.c.obj
LOAD CMakeFiles/Balance_car_YuanDongMing.elf.dir/Drivers/STM32F1xx_HAL_Driver/Src/stm32f1xx_hal_pwr.c.obj
LOAD CMakeFiles/Balance_car_YuanDongMing.elf.dir/Drivers/STM32F1xx_HAL_Driver/Src/stm32f1xx_hal_rcc.c.obj
LOAD CMakeFiles/Balance_car_YuanDongMing.elf.dir/Drivers/STM32F1xx_HAL_Driver/Src/stm32f1xx_hal_rcc_ex.c.obj
LOAD CMakeFiles/Balance_car_YuanDongMing.elf.dir/Drivers/STM32F1xx_HAL_Driver/Src/stm32f1xx_hal_tim.c.obj
LOAD CMakeFiles/Balance_car_YuanDongMing.elf.dir/Drivers/STM32F1xx_HAL_Driver/Src/stm32f1xx_hal_tim_ex.c.obj
START GROUP
LOAD D:/ProgramFiles/PATH/arm-gnu-toolchain-13.3.rel1-mingw-w64-i686-arm-none-eabi/arm-gnu-toolchain-13.3.rel1-mingw-w64-i686-arm-none-eabi/bin/../lib/gcc/arm-none-eabi/13.3.1/thumb/v7-m/nofp\libgcc.a
LOAD D:/ProgramFiles/PATH/arm-gnu-toolchain-13.3.rel1-mingw-w64-i686-arm-none-eabi/arm-gnu-toolchain-13.3.rel1-mingw-w64-i686-arm-none-eabi/bin/../lib/gcc/arm-none-eabi/13.3.1/thumb/v7-m/nofp\libg.a
LOAD D:/ProgramFiles/PATH/arm-gnu-toolchain-13.3.rel1-mingw-w64-i686-arm-none-eabi/arm-gnu-toolchain-13.3.rel1-mingw-w64-i686-arm-none-eabi/bin/../lib/gcc/arm-none-eabi/13.3.1/thumb/v7-m/nofp\libc.a
END GROUP
LOAD D:/ProgramFiles/PATH/arm-gnu-toolchain-13.3.rel1-mingw-w64-i686-arm-none-eabi/arm-gnu-toolchain-13.3.rel1-mingw-w64-i686-arm-none-eabi/bin/../lib/gcc/arm-none-eabi/13.3.1/thumb/v7-m/nofp/crtend.o
LOAD D:/ProgramFiles/PATH/arm-gnu-toolchain-13.3.rel1-mingw-w64-i686-arm-none-eabi/arm-gnu-toolchain-13.3.rel1-mingw-w64-i686-arm-none-eabi/bin/../lib/gcc/arm-none-eabi/13.3.1/thumb/v7-m/nofp/crtn.o
                0x2000c000                        _estack = (ORIGIN (RAM) + LENGTH (RAM))
                0x00000200                        _Min_Heap_Size = 0x200
                0x00000400                        _Min_Stack_Size = 0x400

.isr_vector     0x08000000      0x1e4
                0x08000000                        . = ALIGN (0x4)
 *(.isr_vector)
 .isr_vector    0x08000000      0x1e4 CMakeFiles/Balance_car_YuanDongMing.elf.dir/Core/Startup/startup_stm32f103rctx.s.obj
                0x08000000                g_pfnVectors
                0x080001e4                        . = ALIGN (0x4)

.text           0x080001e4      0xe7c
                0x080001e4                        . = ALIGN (0x4)
 *(.text)
 *(.text*)
 .text.deregister_tm_clones
                0x080001e4       0x1c D:/ProgramFiles/PATH/arm-gnu-toolchain-13.3.rel1-mingw-w64-i686-arm-none-eabi/arm-gnu-toolchain-13.3.rel1-mingw-w64-i686-arm-none-eabi/bin/../lib/gcc/arm-none-eabi/13.3.1/thumb/v7-m/nofp/crtbegin.o
 .text.register_tm_clones
                0x08000200       0x24 D:/ProgramFiles/PATH/arm-gnu-toolchain-13.3.rel1-mingw-w64-i686-arm-none-eabi/arm-gnu-toolchain-13.3.rel1-mingw-w64-i686-arm-none-eabi/bin/../lib/gcc/arm-none-eabi/13.3.1/thumb/v7-m/nofp/crtbegin.o
 .text.__do_global_dtors_aux
                0x08000224       0x28 D:/ProgramFiles/PATH/arm-gnu-toolchain-13.3.rel1-mingw-w64-i686-arm-none-eabi/arm-gnu-toolchain-13.3.rel1-mingw-w64-i686-arm-none-eabi/bin/../lib/gcc/arm-none-eabi/13.3.1/thumb/v7-m/nofp/crtbegin.o
 .text.frame_dummy
                0x0800024c       0x24 D:/ProgramFiles/PATH/arm-gnu-toolchain-13.3.rel1-mingw-w64-i686-arm-none-eabi/arm-gnu-toolchain-13.3.rel1-mingw-w64-i686-arm-none-eabi/bin/../lib/gcc/arm-none-eabi/13.3.1/thumb/v7-m/nofp/crtbegin.o
 .text.MX_GPIO_Init
                0x08000270       0xa0 CMakeFiles/Balance_car_YuanDongMing.elf.dir/Core/Src/gpio.c.obj
                0x08000270                MX_GPIO_Init
 .text.Error_Handler
                0x08000310        0x4 CMakeFiles/Balance_car_YuanDongMing.elf.dir/Core/Src/main.c.obj
                0x08000310                Error_Handler
 .text.SystemClock_Config
                0x08000314       0x64 CMakeFiles/Balance_car_YuanDongMing.elf.dir/Core/Src/main.c.obj
                0x08000314                SystemClock_Config
 .text.main     0x08000378       0x94 CMakeFiles/Balance_car_YuanDongMing.elf.dir/Core/Src/main.c.obj
                0x08000378                main
 .text.HAL_MspInit
                0x0800040c       0x44 CMakeFiles/Balance_car_YuanDongMing.elf.dir/Core/Src/stm32f1xx_hal_msp.c.obj
                0x0800040c                HAL_MspInit
 .text.NMI_Handler
                0x08000450        0x2 CMakeFiles/Balance_car_YuanDongMing.elf.dir/Core/Src/stm32f1xx_it.c.obj
                0x08000450                NMI_Handler
 .text.HardFault_Handler
                0x08000452        0x2 CMakeFiles/Balance_car_YuanDongMing.elf.dir/Core/Src/stm32f1xx_it.c.obj
                0x08000452                HardFault_Handler
 .text.MemManage_Handler
                0x08000454        0x2 CMakeFiles/Balance_car_YuanDongMing.elf.dir/Core/Src/stm32f1xx_it.c.obj
                0x08000454                MemManage_Handler
 .text.BusFault_Handler
                0x08000456        0x2 CMakeFiles/Balance_car_YuanDongMing.elf.dir/Core/Src/stm32f1xx_it.c.obj
                0x08000456                BusFault_Handler
 .text.UsageFault_Handler
                0x08000458        0x2 CMakeFiles/Balance_car_YuanDongMing.elf.dir/Core/Src/stm32f1xx_it.c.obj
                0x08000458                UsageFault_Handler
 .text.SVC_Handler
                0x0800045a        0x2 CMakeFiles/Balance_car_YuanDongMing.elf.dir/Core/Src/stm32f1xx_it.c.obj
                0x0800045a                SVC_Handler
 .text.DebugMon_Handler
                0x0800045c        0x2 CMakeFiles/Balance_car_YuanDongMing.elf.dir/Core/Src/stm32f1xx_it.c.obj
                0x0800045c                DebugMon_Handler
 .text.PendSV_Handler
                0x0800045e        0x2 CMakeFiles/Balance_car_YuanDongMing.elf.dir/Core/Src/stm32f1xx_it.c.obj
                0x0800045e                PendSV_Handler
 .text.SysTick_Handler
                0x08000460        0x8 CMakeFiles/Balance_car_YuanDongMing.elf.dir/Core/Src/stm32f1xx_it.c.obj
                0x08000460                SysTick_Handler
 .text.SystemInit
                0x08000468        0x2 CMakeFiles/Balance_car_YuanDongMing.elf.dir/Core/Src/system_stm32f1xx.c.obj
                0x08000468                SystemInit
 *fill*         0x0800046a        0x2 
 .text.Reset_Handler
                0x0800046c       0x48 CMakeFiles/Balance_car_YuanDongMing.elf.dir/Core/Startup/startup_stm32f103rctx.s.obj
                0x0800046c                Reset_Handler
 .text.Default_Handler
                0x080004b4        0x2 CMakeFiles/Balance_car_YuanDongMing.elf.dir/Core/Startup/startup_stm32f103rctx.s.obj
                0x080004b4                RTC_Alarm_IRQHandler
                0x080004b4                EXTI2_IRQHandler
                0x080004b4                TIM8_TRG_COM_IRQHandler
                0x080004b4                TIM8_CC_IRQHandler
                0x080004b4                TIM1_CC_IRQHandler
                0x080004b4                TIM6_IRQHandler
                0x080004b4                PVD_IRQHandler
                0x080004b4                SDIO_IRQHandler
                0x080004b4                EXTI3_IRQHandler
                0x080004b4                EXTI0_IRQHandler
                0x080004b4                I2C2_EV_IRQHandler
                0x080004b4                ADC1_2_IRQHandler
                0x080004b4                SPI1_IRQHandler
                0x080004b4                TAMPER_IRQHandler
                0x080004b4                TIM8_UP_IRQHandler
                0x080004b4                DMA2_Channel2_IRQHandler
                0x080004b4                DMA1_Channel4_IRQHandler
                0x080004b4                USART3_IRQHandler
                0x080004b4                RTC_IRQHandler
                0x080004b4                DMA1_Channel7_IRQHandler
                0x080004b4                CAN1_RX1_IRQHandler
                0x080004b4                UART5_IRQHandler
                0x080004b4                ADC3_IRQHandler
                0x080004b4                TIM4_IRQHandler
                0x080004b4                DMA2_Channel1_IRQHandler
                0x080004b4                I2C1_EV_IRQHandler
                0x080004b4                DMA1_Channel6_IRQHandler
                0x080004b4                UART4_IRQHandler
                0x080004b4                TIM3_IRQHandler
                0x080004b4                RCC_IRQHandler
                0x080004b4                TIM1_TRG_COM_IRQHandler
                0x080004b4                DMA1_Channel1_IRQHandler
                0x080004b4                Default_Handler
                0x080004b4                EXTI15_10_IRQHandler
                0x080004b4                TIM7_IRQHandler
                0x080004b4                TIM5_IRQHandler
                0x080004b4                EXTI9_5_IRQHandler
                0x080004b4                SPI2_IRQHandler
                0x080004b4                DMA1_Channel5_IRQHandler
                0x080004b4                EXTI4_IRQHandler
                0x080004b4                USB_LP_CAN1_RX0_IRQHandler
                0x080004b4                USB_HP_CAN1_TX_IRQHandler
                0x080004b4                DMA1_Channel3_IRQHandler
                0x080004b4                FSMC_IRQHandler
                0x080004b4                TIM1_UP_IRQHandler
                0x080004b4                WWDG_IRQHandler
                0x080004b4                TIM2_IRQHandler
                0x080004b4                TIM1_BRK_IRQHandler
                0x080004b4                EXTI1_IRQHandler
                0x080004b4                DMA2_Channel4_5_IRQHandler
                0x080004b4                USART2_IRQHandler
                0x080004b4                I2C2_ER_IRQHandler
                0x080004b4                DMA1_Channel2_IRQHandler
                0x080004b4                TIM8_BRK_IRQHandler
                0x080004b4                CAN1_SCE_IRQHandler
                0x080004b4                FLASH_IRQHandler
                0x080004b4                USART1_IRQHandler
                0x080004b4                SPI3_IRQHandler
                0x080004b4                I2C1_ER_IRQHandler
                0x080004b4                USBWakeUp_IRQHandler
                0x080004b4                DMA2_Channel3_IRQHandler
 *fill*         0x080004b6        0x2 
 .text.HAL_InitTick
                0x080004b8       0x4c CMakeFiles/Balance_car_YuanDongMing.elf.dir/Drivers/STM32F1xx_HAL_Driver/Src/stm32f1xx_hal.c.obj
                0x080004b8                HAL_InitTick
 .text.HAL_Init
                0x08000504       0x24 CMakeFiles/Balance_car_YuanDongMing.elf.dir/Drivers/STM32F1xx_HAL_Driver/Src/stm32f1xx_hal.c.obj
                0x08000504                HAL_Init
 .text.HAL_IncTick
                0x08000528       0x18 CMakeFiles/Balance_car_YuanDongMing.elf.dir/Drivers/STM32F1xx_HAL_Driver/Src/stm32f1xx_hal.c.obj
                0x08000528                HAL_IncTick
 .text.HAL_GetTick
                0x08000540        0xc CMakeFiles/Balance_car_YuanDongMing.elf.dir/Drivers/STM32F1xx_HAL_Driver/Src/stm32f1xx_hal.c.obj
                0x08000540                HAL_GetTick
 .text.HAL_Delay
                0x0800054c       0x28 CMakeFiles/Balance_car_YuanDongMing.elf.dir/Drivers/STM32F1xx_HAL_Driver/Src/stm32f1xx_hal.c.obj
                0x0800054c                HAL_Delay
 .text.__NVIC_SetPriority
                0x08000574       0x28 CMakeFiles/Balance_car_YuanDongMing.elf.dir/Drivers/STM32F1xx_HAL_Driver/Src/stm32f1xx_hal_cortex.c.obj
 .text.NVIC_EncodePriority
                0x0800059c       0x3e CMakeFiles/Balance_car_YuanDongMing.elf.dir/Drivers/STM32F1xx_HAL_Driver/Src/stm32f1xx_hal_cortex.c.obj
 *fill*         0x080005da        0x2 
 .text.HAL_NVIC_SetPriorityGrouping
                0x080005dc       0x24 CMakeFiles/Balance_car_YuanDongMing.elf.dir/Drivers/STM32F1xx_HAL_Driver/Src/stm32f1xx_hal_cortex.c.obj
                0x080005dc                HAL_NVIC_SetPriorityGrouping
 .text.HAL_NVIC_SetPriority
                0x08000600       0x20 CMakeFiles/Balance_car_YuanDongMing.elf.dir/Drivers/STM32F1xx_HAL_Driver/Src/stm32f1xx_hal_cortex.c.obj
                0x08000600                HAL_NVIC_SetPriority
 .text.HAL_SYSTICK_Config
                0x08000620       0x28 CMakeFiles/Balance_car_YuanDongMing.elf.dir/Drivers/STM32F1xx_HAL_Driver/Src/stm32f1xx_hal_cortex.c.obj
                0x08000620                HAL_SYSTICK_Config
 .text.HAL_GPIO_Init
                0x08000648      0x238 CMakeFiles/Balance_car_YuanDongMing.elf.dir/Drivers/STM32F1xx_HAL_Driver/Src/stm32f1xx_hal_gpio.c.obj
                0x08000648                HAL_GPIO_Init
 .text.HAL_GPIO_WritePin
                0x08000880        0xc CMakeFiles/Balance_car_YuanDongMing.elf.dir/Drivers/STM32F1xx_HAL_Driver/Src/stm32f1xx_hal_gpio.c.obj
                0x08000880                HAL_GPIO_WritePin
 .text.RCC_Delay
                0x0800088c       0x2c CMakeFiles/Balance_car_YuanDongMing.elf.dir/Drivers/STM32F1xx_HAL_Driver/Src/stm32f1xx_hal_rcc.c.obj
 .text.HAL_RCC_OscConfig
                0x080008b8      0x410 CMakeFiles/Balance_car_YuanDongMing.elf.dir/Drivers/STM32F1xx_HAL_Driver/Src/stm32f1xx_hal_rcc.c.obj
                0x080008b8                HAL_RCC_OscConfig
 .text.HAL_RCC_GetSysClockFreq
                0x08000cc8       0x54 CMakeFiles/Balance_car_YuanDongMing.elf.dir/Drivers/STM32F1xx_HAL_Driver/Src/stm32f1xx_hal_rcc.c.obj
                0x08000cc8                HAL_RCC_GetSysClockFreq
 .text.HAL_RCC_ClockConfig
                0x08000d1c      0x16c CMakeFiles/Balance_car_YuanDongMing.elf.dir/Drivers/STM32F1xx_HAL_Driver/Src/stm32f1xx_hal_rcc.c.obj
                0x08000d1c                HAL_RCC_ClockConfig
 .text.memset   0x08000e88       0xa0 D:/ProgramFiles/PATH/arm-gnu-toolchain-13.3.rel1-mingw-w64-i686-arm-none-eabi/arm-gnu-toolchain-13.3.rel1-mingw-w64-i686-arm-none-eabi/bin/../lib/gcc/arm-none-eabi/13.3.1/thumb/v7-m/nofp\libg.a(libc_a-memset.o)
                0x08000e88                memset
 .text.__libc_init_array
                0x08000f28       0x50 D:/ProgramFiles/PATH/arm-gnu-toolchain-13.3.rel1-mingw-w64-i686-arm-none-eabi/arm-gnu-toolchain-13.3.rel1-mingw-w64-i686-arm-none-eabi/bin/../lib/gcc/arm-none-eabi/13.3.1/thumb/v7-m/nofp\libg.a(libc_a-init.o)
                0x08000f28                __libc_init_array
 .text.__retarget_lock_acquire_recursive
                0x08000f78        0x4 D:/ProgramFiles/PATH/arm-gnu-toolchain-13.3.rel1-mingw-w64-i686-arm-none-eabi/arm-gnu-toolchain-13.3.rel1-mingw-w64-i686-arm-none-eabi/bin/../lib/gcc/arm-none-eabi/13.3.1/thumb/v7-m/nofp\libg.a(libc_a-lock.o)
                0x08000f78                __retarget_lock_acquire_recursive
 .text.__retarget_lock_release_recursive
                0x08000f7c        0x4 D:/ProgramFiles/PATH/arm-gnu-toolchain-13.3.rel1-mingw-w64-i686-arm-none-eabi/arm-gnu-toolchain-13.3.rel1-mingw-w64-i686-arm-none-eabi/bin/../lib/gcc/arm-none-eabi/13.3.1/thumb/v7-m/nofp\libg.a(libc_a-lock.o)
                0x08000f7c                __retarget_lock_release_recursive
 .text.startup.register_fini
                0x08000f80       0x14 D:/ProgramFiles/PATH/arm-gnu-toolchain-13.3.rel1-mingw-w64-i686-arm-none-eabi/arm-gnu-toolchain-13.3.rel1-mingw-w64-i686-arm-none-eabi/bin/../lib/gcc/arm-none-eabi/13.3.1/thumb/v7-m/nofp\libg.a(libc_a-__call_atexit.o)
 .text.atexit   0x08000f94        0xc D:/ProgramFiles/PATH/arm-gnu-toolchain-13.3.rel1-mingw-w64-i686-arm-none-eabi/arm-gnu-toolchain-13.3.rel1-mingw-w64-i686-arm-none-eabi/bin/../lib/gcc/arm-none-eabi/13.3.1/thumb/v7-m/nofp\libg.a(libc_a-atexit.o)
                0x08000f94                atexit
 .text.__libc_fini_array
                0x08000fa0       0x28 D:/ProgramFiles/PATH/arm-gnu-toolchain-13.3.rel1-mingw-w64-i686-arm-none-eabi/arm-gnu-toolchain-13.3.rel1-mingw-w64-i686-arm-none-eabi/bin/../lib/gcc/arm-none-eabi/13.3.1/thumb/v7-m/nofp\libg.a(libc_a-fini.o)
                0x08000fa0                __libc_fini_array
 .text.__register_exitproc
                0x08000fc8       0x80 D:/ProgramFiles/PATH/arm-gnu-toolchain-13.3.rel1-mingw-w64-i686-arm-none-eabi/arm-gnu-toolchain-13.3.rel1-mingw-w64-i686-arm-none-eabi/bin/../lib/gcc/arm-none-eabi/13.3.1/thumb/v7-m/nofp\libg.a(libc_a-__atexit.o)
                0x08000fc8                __register_exitproc
 *(.glue_7)
 .glue_7        0x08001048        0x0 linker stubs
 *(.glue_7t)
 .glue_7t       0x08001048        0x0 linker stubs
 *(.eh_frame)
 .eh_frame      0x08001048        0x0 D:/ProgramFiles/PATH/arm-gnu-toolchain-13.3.rel1-mingw-w64-i686-arm-none-eabi/arm-gnu-toolchain-13.3.rel1-mingw-w64-i686-arm-none-eabi/bin/../lib/gcc/arm-none-eabi/13.3.1/thumb/v7-m/nofp/crtbegin.o
 *(.init)
 .init          0x08001048        0x4 D:/ProgramFiles/PATH/arm-gnu-toolchain-13.3.rel1-mingw-w64-i686-arm-none-eabi/arm-gnu-toolchain-13.3.rel1-mingw-w64-i686-arm-none-eabi/bin/../lib/gcc/arm-none-eabi/13.3.1/thumb/v7-m/nofp/crti.o
                0x08001048                _init
 .init          0x0800104c        0x8 D:/ProgramFiles/PATH/arm-gnu-toolchain-13.3.rel1-mingw-w64-i686-arm-none-eabi/arm-gnu-toolchain-13.3.rel1-mingw-w64-i686-arm-none-eabi/bin/../lib/gcc/arm-none-eabi/13.3.1/thumb/v7-m/nofp/crtn.o
 *(.fini)
 .fini          0x08001054        0x4 D:/ProgramFiles/PATH/arm-gnu-toolchain-13.3.rel1-mingw-w64-i686-arm-none-eabi/arm-gnu-toolchain-13.3.rel1-mingw-w64-i686-arm-none-eabi/bin/../lib/gcc/arm-none-eabi/13.3.1/thumb/v7-m/nofp/crti.o
                0x08001054                _fini
 .fini          0x08001058        0x8 D:/ProgramFiles/PATH/arm-gnu-toolchain-13.3.rel1-mingw-w64-i686-arm-none-eabi/arm-gnu-toolchain-13.3.rel1-mingw-w64-i686-arm-none-eabi/bin/../lib/gcc/arm-none-eabi/13.3.1/thumb/v7-m/nofp/crtn.o
                0x08001060                        . = ALIGN (0x4)
                0x08001060                        _etext = .

.vfp11_veneer   0x08001060        0x0
 .vfp11_veneer  0x08001060        0x0 linker stubs

.v4_bx          0x08001060        0x0
 .v4_bx         0x08001060        0x0 linker stubs

.iplt           0x08001060        0x0
 .iplt          0x08001060        0x0 D:/ProgramFiles/PATH/arm-gnu-toolchain-13.3.rel1-mingw-w64-i686-arm-none-eabi/arm-gnu-toolchain-13.3.rel1-mingw-w64-i686-arm-none-eabi/bin/../lib/gcc/arm-none-eabi/13.3.1/thumb/v7-m/nofp/crtbegin.o

.rodata         0x08001060       0x24
                0x08001060                        . = ALIGN (0x4)
 *(.rodata)
 *(.rodata*)
 .rodata.AHBPrescTable
                0x08001060       0x10 CMakeFiles/Balance_car_YuanDongMing.elf.dir/Core/Src/system_stm32f1xx.c.obj
                0x08001060                AHBPrescTable
 .rodata.aPredivFactorTable.0
                0x08001070        0x2 CMakeFiles/Balance_car_YuanDongMing.elf.dir/Drivers/STM32F1xx_HAL_Driver/Src/stm32f1xx_hal_rcc.c.obj
 *fill*         0x08001072        0x2 
 .rodata.aPLLMULFactorTable.1
                0x08001074       0x10 CMakeFiles/Balance_car_YuanDongMing.elf.dir/Drivers/STM32F1xx_HAL_Driver/Src/stm32f1xx_hal_rcc.c.obj
                0x08001084                        . = ALIGN (0x4)

.ARM.extab      0x08001084        0x0
                0x08001084                        . = ALIGN (0x4)
 *(.ARM.extab* .gnu.linkonce.armextab.*)
                0x08001084                        . = ALIGN (0x4)

.ARM            0x08001084        0x0
                0x08001084                        . = ALIGN (0x4)
                0x08001084                        __exidx_start = .
 *(.ARM.exidx*)
                0x08001084                        __exidx_end = .
                0x08001084                        . = ALIGN (0x4)

.preinit_array  0x08001084        0x0
                0x08001084                        . = ALIGN (0x4)
                0x08001084                        PROVIDE (__preinit_array_start = .)
 *(.preinit_array*)
                0x08001084                        PROVIDE (__preinit_array_end = .)
                0x08001084                        . = ALIGN (0x4)

.init_array     0x08001084        0x8
                0x08001084                        . = ALIGN (0x4)
                0x08001084                        PROVIDE (__init_array_start = .)
 *(SORT_BY_NAME(.init_array.*))
 .init_array.00000
                0x08001084        0x4 D:/ProgramFiles/PATH/arm-gnu-toolchain-13.3.rel1-mingw-w64-i686-arm-none-eabi/arm-gnu-toolchain-13.3.rel1-mingw-w64-i686-arm-none-eabi/bin/../lib/gcc/arm-none-eabi/13.3.1/thumb/v7-m/nofp\libg.a(libc_a-__call_atexit.o)
 *(.init_array*)
 .init_array    0x08001088        0x4 D:/ProgramFiles/PATH/arm-gnu-toolchain-13.3.rel1-mingw-w64-i686-arm-none-eabi/arm-gnu-toolchain-13.3.rel1-mingw-w64-i686-arm-none-eabi/bin/../lib/gcc/arm-none-eabi/13.3.1/thumb/v7-m/nofp/crtbegin.o
                0x0800108c                        PROVIDE (__init_array_end = .)
                0x0800108c                        . = ALIGN (0x4)

.fini_array     0x0800108c        0x4
                0x0800108c                        . = ALIGN (0x4)
                0x0800108c                        PROVIDE (__fini_array_start = .)
 *(SORT_BY_NAME(.fini_array.*))
 *(.fini_array*)
 .fini_array    0x0800108c        0x4 D:/ProgramFiles/PATH/arm-gnu-toolchain-13.3.rel1-mingw-w64-i686-arm-none-eabi/arm-gnu-toolchain-13.3.rel1-mingw-w64-i686-arm-none-eabi/bin/../lib/gcc/arm-none-eabi/13.3.1/thumb/v7-m/nofp/crtbegin.o
                0x08001090                        PROVIDE (__fini_array_end = .)
                0x08001090                        . = ALIGN (0x4)
                0x08001090                        _sidata = LOADADDR (.data)

.rel.dyn        0x08001090        0x0
 .rel.iplt      0x08001090        0x0 D:/ProgramFiles/PATH/arm-gnu-toolchain-13.3.rel1-mingw-w64-i686-arm-none-eabi/arm-gnu-toolchain-13.3.rel1-mingw-w64-i686-arm-none-eabi/bin/../lib/gcc/arm-none-eabi/13.3.1/thumb/v7-m/nofp/crtbegin.o

.data           0x20000000       0x10 load address 0x08001090
                0x20000000                        . = ALIGN (0x4)
                0x20000000                        _sdata = .
 *(.data)
 *(.data*)
 .data.SystemCoreClock
                0x20000000        0x4 CMakeFiles/Balance_car_YuanDongMing.elf.dir/Core/Src/system_stm32f1xx.c.obj
                0x20000000                SystemCoreClock
 .data.uwTickFreq
                0x20000004        0x1 CMakeFiles/Balance_car_YuanDongMing.elf.dir/Drivers/STM32F1xx_HAL_Driver/Src/stm32f1xx_hal.c.obj
                0x20000004                uwTickFreq
 *fill*         0x20000005        0x3 
 .data.uwTickPrio
                0x20000008        0x4 CMakeFiles/Balance_car_YuanDongMing.elf.dir/Drivers/STM32F1xx_HAL_Driver/Src/stm32f1xx_hal.c.obj
                0x20000008                uwTickPrio
 .data.__atexit_recursive_mutex
                0x2000000c        0x4 D:/ProgramFiles/PATH/arm-gnu-toolchain-13.3.rel1-mingw-w64-i686-arm-none-eabi/arm-gnu-toolchain-13.3.rel1-mingw-w64-i686-arm-none-eabi/bin/../lib/gcc/arm-none-eabi/13.3.1/thumb/v7-m/nofp\libg.a(libc_a-__call_atexit.o)
                0x2000000c                __atexit_recursive_mutex
 *(.RamFunc)
 *(.RamFunc*)
                0x20000010                        . = ALIGN (0x4)
                0x20000010                        _edata = .

.tm_clone_table
                0x20000010        0x0 load address 0x080010a0
 .tm_clone_table
                0x20000010        0x0 D:/ProgramFiles/PATH/arm-gnu-toolchain-13.3.rel1-mingw-w64-i686-arm-none-eabi/arm-gnu-toolchain-13.3.rel1-mingw-w64-i686-arm-none-eabi/bin/../lib/gcc/arm-none-eabi/13.3.1/thumb/v7-m/nofp/crtbegin.o
 .tm_clone_table
                0x20000010        0x0 D:/ProgramFiles/PATH/arm-gnu-toolchain-13.3.rel1-mingw-w64-i686-arm-none-eabi/arm-gnu-toolchain-13.3.rel1-mingw-w64-i686-arm-none-eabi/bin/../lib/gcc/arm-none-eabi/13.3.1/thumb/v7-m/nofp/crtend.o

.igot.plt       0x20000010        0x0 load address 0x080010a0
 .igot.plt      0x20000010        0x0 D:/ProgramFiles/PATH/arm-gnu-toolchain-13.3.rel1-mingw-w64-i686-arm-none-eabi/arm-gnu-toolchain-13.3.rel1-mingw-w64-i686-arm-none-eabi/bin/../lib/gcc/arm-none-eabi/13.3.1/thumb/v7-m/nofp/crtbegin.o
                0x20000010                        . = ALIGN (0x4)

.bss            0x20000010      0x1b8 load address 0x080010a0
                0x20000010                        _sbss = .
                0x20000010                        __bss_start__ = _sbss
 *(.bss)
 *(.bss*)
 .bss.completed.1
                0x20000010        0x1 D:/ProgramFiles/PATH/arm-gnu-toolchain-13.3.rel1-mingw-w64-i686-arm-none-eabi/arm-gnu-toolchain-13.3.rel1-mingw-w64-i686-arm-none-eabi/bin/../lib/gcc/arm-none-eabi/13.3.1/thumb/v7-m/nofp/crtbegin.o
 *fill*         0x20000011        0x3 
 .bss.object.0  0x20000014       0x18 D:/ProgramFiles/PATH/arm-gnu-toolchain-13.3.rel1-mingw-w64-i686-arm-none-eabi/arm-gnu-toolchain-13.3.rel1-mingw-w64-i686-arm-none-eabi/bin/../lib/gcc/arm-none-eabi/13.3.1/thumb/v7-m/nofp/crtbegin.o
 .bss.uwTick    0x2000002c        0x4 CMakeFiles/Balance_car_YuanDongMing.elf.dir/Drivers/STM32F1xx_HAL_Driver/Src/stm32f1xx_hal.c.obj
                0x2000002c                uwTick
 .bss.__lock___atexit_recursive_mutex
                0x20000030        0x1 D:/ProgramFiles/PATH/arm-gnu-toolchain-13.3.rel1-mingw-w64-i686-arm-none-eabi/arm-gnu-toolchain-13.3.rel1-mingw-w64-i686-arm-none-eabi/bin/../lib/gcc/arm-none-eabi/13.3.1/thumb/v7-m/nofp\libg.a(libc_a-lock.o)
                0x20000030                __lock___atexit_recursive_mutex
 *fill*         0x20000031        0x3 
 .bss.__atexit  0x20000034        0x4 D:/ProgramFiles/PATH/arm-gnu-toolchain-13.3.rel1-mingw-w64-i686-arm-none-eabi/arm-gnu-toolchain-13.3.rel1-mingw-w64-i686-arm-none-eabi/bin/../lib/gcc/arm-none-eabi/13.3.1/thumb/v7-m/nofp\libg.a(libc_a-__call_atexit.o)
                0x20000034                __atexit
 .bss.__atexit0
                0x20000038      0x190 D:/ProgramFiles/PATH/arm-gnu-toolchain-13.3.rel1-mingw-w64-i686-arm-none-eabi/arm-gnu-toolchain-13.3.rel1-mingw-w64-i686-arm-none-eabi/bin/../lib/gcc/arm-none-eabi/13.3.1/thumb/v7-m/nofp\libg.a(libc_a-__atexit.o)
                0x20000038                __atexit0
 *(COMMON)
                0x200001c8                        . = ALIGN (0x4)
                0x200001c8                        _ebss = .
                0x200001c8                        __bss_end__ = _ebss

._user_heap_stack
                0x200001c8      0x600 load address 0x080010a0
                0x200001c8                        . = ALIGN (0x8)
                [!provide]                        PROVIDE (end = .)
                0x200001c8                        PROVIDE (_end = .)
                0x200003c8                        . = (. + _Min_Heap_Size)
 *fill*         0x200001c8      0x200 
                0x200007c8                        . = (. + _Min_Stack_Size)
 *fill*         0x200003c8      0x400 
                0x200007c8                        . = ALIGN (0x8)

/DISCARD/
 libc.a(*)
 libm.a(*)
 libgcc.a(*)

.ARM.attributes
                0x00000000       0x29
 *(.ARM.attributes)
 .ARM.attributes
                0x00000000       0x1d D:/ProgramFiles/PATH/arm-gnu-toolchain-13.3.rel1-mingw-w64-i686-arm-none-eabi/arm-gnu-toolchain-13.3.rel1-mingw-w64-i686-arm-none-eabi/bin/../lib/gcc/arm-none-eabi/13.3.1/thumb/v7-m/nofp/crti.o
 .ARM.attributes
                0x0000001d       0x2d D:/ProgramFiles/PATH/arm-gnu-toolchain-13.3.rel1-mingw-w64-i686-arm-none-eabi/arm-gnu-toolchain-13.3.rel1-mingw-w64-i686-arm-none-eabi/bin/../lib/gcc/arm-none-eabi/13.3.1/thumb/v7-m/nofp/crtbegin.o
 .ARM.attributes
                0x0000004a       0x2d CMakeFiles/Balance_car_YuanDongMing.elf.dir/Core/Src/gpio.c.obj
 .ARM.attributes
                0x00000077       0x2d CMakeFiles/Balance_car_YuanDongMing.elf.dir/Core/Src/main.c.obj
 .ARM.attributes
                0x000000a4       0x2d CMakeFiles/Balance_car_YuanDongMing.elf.dir/Core/Src/stm32f1xx_hal_msp.c.obj
 .ARM.attributes
                0x000000d1       0x2d CMakeFiles/Balance_car_YuanDongMing.elf.dir/Core/Src/stm32f1xx_it.c.obj
 .ARM.attributes
                0x000000fe       0x2d CMakeFiles/Balance_car_YuanDongMing.elf.dir/Core/Src/system_stm32f1xx.c.obj
 .ARM.attributes
                0x0000012b       0x21 CMakeFiles/Balance_car_YuanDongMing.elf.dir/Core/Startup/startup_stm32f103rctx.s.obj
 .ARM.attributes
                0x0000014c       0x2d CMakeFiles/Balance_car_YuanDongMing.elf.dir/Drivers/STM32F1xx_HAL_Driver/Src/stm32f1xx_hal.c.obj
 .ARM.attributes
                0x00000179       0x2d CMakeFiles/Balance_car_YuanDongMing.elf.dir/Drivers/STM32F1xx_HAL_Driver/Src/stm32f1xx_hal_cortex.c.obj
 .ARM.attributes
                0x000001a6       0x2d CMakeFiles/Balance_car_YuanDongMing.elf.dir/Drivers/STM32F1xx_HAL_Driver/Src/stm32f1xx_hal_gpio.c.obj
 .ARM.attributes
                0x000001d3       0x2d CMakeFiles/Balance_car_YuanDongMing.elf.dir/Drivers/STM32F1xx_HAL_Driver/Src/stm32f1xx_hal_rcc.c.obj
 .ARM.attributes
                0x00000200       0x2d D:/ProgramFiles/PATH/arm-gnu-toolchain-13.3.rel1-mingw-w64-i686-arm-none-eabi/arm-gnu-toolchain-13.3.rel1-mingw-w64-i686-arm-none-eabi/bin/../lib/gcc/arm-none-eabi/13.3.1/thumb/v7-m/nofp\libg.a(libc_a-memset.o)
 .ARM.attributes
                0x0000022d       0x2d D:/ProgramFiles/PATH/arm-gnu-toolchain-13.3.rel1-mingw-w64-i686-arm-none-eabi/arm-gnu-toolchain-13.3.rel1-mingw-w64-i686-arm-none-eabi/bin/../lib/gcc/arm-none-eabi/13.3.1/thumb/v7-m/nofp\libg.a(libc_a-init.o)
 .ARM.attributes
                0x0000025a       0x2d D:/ProgramFiles/PATH/arm-gnu-toolchain-13.3.rel1-mingw-w64-i686-arm-none-eabi/arm-gnu-toolchain-13.3.rel1-mingw-w64-i686-arm-none-eabi/bin/../lib/gcc/arm-none-eabi/13.3.1/thumb/v7-m/nofp\libg.a(libc_a-lock.o)
 .ARM.attributes
                0x00000287       0x2d D:/ProgramFiles/PATH/arm-gnu-toolchain-13.3.rel1-mingw-w64-i686-arm-none-eabi/arm-gnu-toolchain-13.3.rel1-mingw-w64-i686-arm-none-eabi/bin/../lib/gcc/arm-none-eabi/13.3.1/thumb/v7-m/nofp\libg.a(libc_a-__call_atexit.o)
 .ARM.attributes
                0x000002b4       0x2d D:/ProgramFiles/PATH/arm-gnu-toolchain-13.3.rel1-mingw-w64-i686-arm-none-eabi/arm-gnu-toolchain-13.3.rel1-mingw-w64-i686-arm-none-eabi/bin/../lib/gcc/arm-none-eabi/13.3.1/thumb/v7-m/nofp\libg.a(libc_a-atexit.o)
 .ARM.attributes
                0x000002e1       0x2d D:/ProgramFiles/PATH/arm-gnu-toolchain-13.3.rel1-mingw-w64-i686-arm-none-eabi/arm-gnu-toolchain-13.3.rel1-mingw-w64-i686-arm-none-eabi/bin/../lib/gcc/arm-none-eabi/13.3.1/thumb/v7-m/nofp\libg.a(libc_a-fini.o)
 .ARM.attributes
                0x0000030e       0x2d D:/ProgramFiles/PATH/arm-gnu-toolchain-13.3.rel1-mingw-w64-i686-arm-none-eabi/arm-gnu-toolchain-13.3.rel1-mingw-w64-i686-arm-none-eabi/bin/../lib/gcc/arm-none-eabi/13.3.1/thumb/v7-m/nofp\libg.a(libc_a-__atexit.o)
 .ARM.attributes
                0x0000033b       0x2d D:/ProgramFiles/PATH/arm-gnu-toolchain-13.3.rel1-mingw-w64-i686-arm-none-eabi/arm-gnu-toolchain-13.3.rel1-mingw-w64-i686-arm-none-eabi/bin/../lib/gcc/arm-none-eabi/13.3.1/thumb/v7-m/nofp/crtend.o
 .ARM.attributes
                0x00000368       0x1d D:/ProgramFiles/PATH/arm-gnu-toolchain-13.3.rel1-mingw-w64-i686-arm-none-eabi/arm-gnu-toolchain-13.3.rel1-mingw-w64-i686-arm-none-eabi/bin/../lib/gcc/arm-none-eabi/13.3.1/thumb/v7-m/nofp/crtn.o
OUTPUT(Balance_car_YuanDongMing.elf elf32-littlearm)
LOAD linker stubs
LOAD D:/ProgramFiles/PATH/arm-gnu-toolchain-13.3.rel1-mingw-w64-i686-arm-none-eabi/arm-gnu-toolchain-13.3.rel1-mingw-w64-i686-arm-none-eabi/bin/../lib/gcc/arm-none-eabi/13.3.1/thumb/v7-m/nofp\libc.a
LOAD D:/ProgramFiles/PATH/arm-gnu-toolchain-13.3.rel1-mingw-w64-i686-arm-none-eabi/arm-gnu-toolchain-13.3.rel1-mingw-w64-i686-arm-none-eabi/bin/../lib/gcc/arm-none-eabi/13.3.1/thumb/v7-m/nofp\libm.a
LOAD D:/ProgramFiles/PATH/arm-gnu-toolchain-13.3.rel1-mingw-w64-i686-arm-none-eabi/arm-gnu-toolchain-13.3.rel1-mingw-w64-i686-arm-none-eabi/bin/../lib/gcc/arm-none-eabi/13.3.1/thumb/v7-m/nofp\libgcc.a

.debug_info     0x00000000     0x32df
 .debug_info    0x00000000      0x326 CMakeFiles/Balance_car_YuanDongMing.elf.dir/Core/Src/gpio.c.obj
 .debug_info    0x00000326      0x539 CMakeFiles/Balance_car_YuanDongMing.elf.dir/Core/Src/main.c.obj
 .debug_info    0x0000085f      0x1f4 CMakeFiles/Balance_car_YuanDongMing.elf.dir/Core/Src/stm32f1xx_hal_msp.c.obj
 .debug_info    0x00000a53      0x11d CMakeFiles/Balance_car_YuanDongMing.elf.dir/Core/Src/stm32f1xx_it.c.obj
 .debug_info    0x00000b70      0x22d CMakeFiles/Balance_car_YuanDongMing.elf.dir/Core/Src/system_stm32f1xx.c.obj
 .debug_info    0x00000d9d       0x30 CMakeFiles/Balance_car_YuanDongMing.elf.dir/Core/Startup/startup_stm32f103rctx.s.obj
 .debug_info    0x00000dcd      0x808 CMakeFiles/Balance_car_YuanDongMing.elf.dir/Drivers/STM32F1xx_HAL_Driver/Src/stm32f1xx_hal.c.obj
 .debug_info    0x000015d5      0xd3f CMakeFiles/Balance_car_YuanDongMing.elf.dir/Drivers/STM32F1xx_HAL_Driver/Src/stm32f1xx_hal_cortex.c.obj
 .debug_info    0x00002314      0x604 CMakeFiles/Balance_car_YuanDongMing.elf.dir/Drivers/STM32F1xx_HAL_Driver/Src/stm32f1xx_hal_gpio.c.obj
 .debug_info    0x00002918      0x9c7 CMakeFiles/Balance_car_YuanDongMing.elf.dir/Drivers/STM32F1xx_HAL_Driver/Src/stm32f1xx_hal_rcc.c.obj

.debug_abbrev   0x00000000     0x1050
 .debug_abbrev  0x00000000      0x151 CMakeFiles/Balance_car_YuanDongMing.elf.dir/Core/Src/gpio.c.obj
 .debug_abbrev  0x00000151      0x1fe CMakeFiles/Balance_car_YuanDongMing.elf.dir/Core/Src/main.c.obj
 .debug_abbrev  0x0000034f       0xed CMakeFiles/Balance_car_YuanDongMing.elf.dir/Core/Src/stm32f1xx_hal_msp.c.obj
 .debug_abbrev  0x0000043c       0x7c CMakeFiles/Balance_car_YuanDongMing.elf.dir/Core/Src/stm32f1xx_it.c.obj
 .debug_abbrev  0x000004b8      0x143 CMakeFiles/Balance_car_YuanDongMing.elf.dir/Core/Src/system_stm32f1xx.c.obj
 .debug_abbrev  0x000005fb       0x24 CMakeFiles/Balance_car_YuanDongMing.elf.dir/Core/Startup/startup_stm32f103rctx.s.obj
 .debug_abbrev  0x0000061f      0x22d CMakeFiles/Balance_car_YuanDongMing.elf.dir/Drivers/STM32F1xx_HAL_Driver/Src/stm32f1xx_hal.c.obj
 .debug_abbrev  0x0000084c      0x36d CMakeFiles/Balance_car_YuanDongMing.elf.dir/Drivers/STM32F1xx_HAL_Driver/Src/stm32f1xx_hal_cortex.c.obj
 .debug_abbrev  0x00000bb9      0x1f7 CMakeFiles/Balance_car_YuanDongMing.elf.dir/Drivers/STM32F1xx_HAL_Driver/Src/stm32f1xx_hal_gpio.c.obj
 .debug_abbrev  0x00000db0      0x2a0 CMakeFiles/Balance_car_YuanDongMing.elf.dir/Drivers/STM32F1xx_HAL_Driver/Src/stm32f1xx_hal_rcc.c.obj

.debug_aranges  0x00000000      0x3a8
 .debug_aranges
                0x00000000       0x20 CMakeFiles/Balance_car_YuanDongMing.elf.dir/Core/Src/gpio.c.obj
 .debug_aranges
                0x00000020       0x30 CMakeFiles/Balance_car_YuanDongMing.elf.dir/Core/Src/main.c.obj
 .debug_aranges
                0x00000050       0x20 CMakeFiles/Balance_car_YuanDongMing.elf.dir/Core/Src/stm32f1xx_hal_msp.c.obj
 .debug_aranges
                0x00000070       0x60 CMakeFiles/Balance_car_YuanDongMing.elf.dir/Core/Src/stm32f1xx_it.c.obj
 .debug_aranges
                0x000000d0       0x28 CMakeFiles/Balance_car_YuanDongMing.elf.dir/Core/Src/system_stm32f1xx.c.obj
 .debug_aranges
                0x000000f8       0x28 CMakeFiles/Balance_car_YuanDongMing.elf.dir/Core/Startup/startup_stm32f103rctx.s.obj
 .debug_aranges
                0x00000120       0xe0 CMakeFiles/Balance_car_YuanDongMing.elf.dir/Drivers/STM32F1xx_HAL_Driver/Src/stm32f1xx_hal.c.obj
 .debug_aranges
                0x00000200       0xc0 CMakeFiles/Balance_car_YuanDongMing.elf.dir/Drivers/STM32F1xx_HAL_Driver/Src/stm32f1xx_hal_cortex.c.obj
 .debug_aranges
                0x000002c0       0x58 CMakeFiles/Balance_car_YuanDongMing.elf.dir/Drivers/STM32F1xx_HAL_Driver/Src/stm32f1xx_hal_gpio.c.obj
 .debug_aranges
                0x00000318       0x90 CMakeFiles/Balance_car_YuanDongMing.elf.dir/Drivers/STM32F1xx_HAL_Driver/Src/stm32f1xx_hal_rcc.c.obj

.debug_rnglists
                0x00000000      0x2a7
 .debug_rnglists
                0x00000000       0x14 CMakeFiles/Balance_car_YuanDongMing.elf.dir/Core/Src/gpio.c.obj
 .debug_rnglists
                0x00000014       0x20 CMakeFiles/Balance_car_YuanDongMing.elf.dir/Core/Src/main.c.obj
 .debug_rnglists
                0x00000034       0x13 CMakeFiles/Balance_car_YuanDongMing.elf.dir/Core/Src/stm32f1xx_hal_msp.c.obj
 .debug_rnglists
                0x00000047       0x43 CMakeFiles/Balance_car_YuanDongMing.elf.dir/Core/Src/stm32f1xx_it.c.obj
 .debug_rnglists
                0x0000008a       0x1a CMakeFiles/Balance_car_YuanDongMing.elf.dir/Core/Src/system_stm32f1xx.c.obj
 .debug_rnglists
                0x000000a4       0x19 CMakeFiles/Balance_car_YuanDongMing.elf.dir/Core/Startup/startup_stm32f103rctx.s.obj
 .debug_rnglists
                0x000000bd       0xa3 CMakeFiles/Balance_car_YuanDongMing.elf.dir/Drivers/STM32F1xx_HAL_Driver/Src/stm32f1xx_hal.c.obj
 .debug_rnglists
                0x00000160       0x8b CMakeFiles/Balance_car_YuanDongMing.elf.dir/Drivers/STM32F1xx_HAL_Driver/Src/stm32f1xx_hal_cortex.c.obj
 .debug_rnglists
                0x000001eb       0x3f CMakeFiles/Balance_car_YuanDongMing.elf.dir/Drivers/STM32F1xx_HAL_Driver/Src/stm32f1xx_hal_gpio.c.obj
 .debug_rnglists
                0x0000022a       0x7d CMakeFiles/Balance_car_YuanDongMing.elf.dir/Drivers/STM32F1xx_HAL_Driver/Src/stm32f1xx_hal_rcc.c.obj

.debug_line     0x00000000     0x33ea
 .debug_line    0x00000000      0x33a CMakeFiles/Balance_car_YuanDongMing.elf.dir/Core/Src/gpio.c.obj
 .debug_line    0x0000033a      0x4df CMakeFiles/Balance_car_YuanDongMing.elf.dir/Core/Src/main.c.obj
 .debug_line    0x00000819      0x285 CMakeFiles/Balance_car_YuanDongMing.elf.dir/Core/Src/stm32f1xx_hal_msp.c.obj
 .debug_line    0x00000a9e      0x1b9 CMakeFiles/Balance_car_YuanDongMing.elf.dir/Core/Src/stm32f1xx_it.c.obj
 .debug_line    0x00000c57      0x34d CMakeFiles/Balance_car_YuanDongMing.elf.dir/Core/Src/system_stm32f1xx.c.obj
 .debug_line    0x00000fa4       0x79 CMakeFiles/Balance_car_YuanDongMing.elf.dir/Core/Startup/startup_stm32f103rctx.s.obj
 .debug_line    0x0000101d      0x6b2 CMakeFiles/Balance_car_YuanDongMing.elf.dir/Drivers/STM32F1xx_HAL_Driver/Src/stm32f1xx_hal.c.obj
 .debug_line    0x000016cf      0x7ed CMakeFiles/Balance_car_YuanDongMing.elf.dir/Drivers/STM32F1xx_HAL_Driver/Src/stm32f1xx_hal_cortex.c.obj
 .debug_line    0x00001ebc      0x73e CMakeFiles/Balance_car_YuanDongMing.elf.dir/Drivers/STM32F1xx_HAL_Driver/Src/stm32f1xx_hal_gpio.c.obj
 .debug_line    0x000025fa      0xdf0 CMakeFiles/Balance_car_YuanDongMing.elf.dir/Drivers/STM32F1xx_HAL_Driver/Src/stm32f1xx_hal_rcc.c.obj

.debug_str      0x00000000     0x1608
 .debug_str     0x00000000     0x1608 CMakeFiles/Balance_car_YuanDongMing.elf.dir/Core/Src/gpio.c.obj
                                0x2f5 (size before relaxing)
 .debug_str     0x00001608      0x43d CMakeFiles/Balance_car_YuanDongMing.elf.dir/Core/Src/main.c.obj
 .debug_str     0x00001608      0x289 CMakeFiles/Balance_car_YuanDongMing.elf.dir/Core/Src/stm32f1xx_hal_msp.c.obj
 .debug_str     0x00001608      0x28c CMakeFiles/Balance_car_YuanDongMing.elf.dir/Core/Src/stm32f1xx_it.c.obj
 .debug_str     0x00001608      0x2be CMakeFiles/Balance_car_YuanDongMing.elf.dir/Core/Src/system_stm32f1xx.c.obj
 .debug_str     0x00001608       0xcf CMakeFiles/Balance_car_YuanDongMing.elf.dir/Core/Startup/startup_stm32f103rctx.s.obj
 .debug_str     0x00001608      0x97c CMakeFiles/Balance_car_YuanDongMing.elf.dir/Drivers/STM32F1xx_HAL_Driver/Src/stm32f1xx_hal.c.obj
 .debug_str     0x00001608      0xa21 CMakeFiles/Balance_car_YuanDongMing.elf.dir/Drivers/STM32F1xx_HAL_Driver/Src/stm32f1xx_hal_cortex.c.obj
 .debug_str     0x00001608      0x46a CMakeFiles/Balance_car_YuanDongMing.elf.dir/Drivers/STM32F1xx_HAL_Driver/Src/stm32f1xx_hal_gpio.c.obj
 .debug_str     0x00001608      0x695 CMakeFiles/Balance_car_YuanDongMing.elf.dir/Drivers/STM32F1xx_HAL_Driver/Src/stm32f1xx_hal_rcc.c.obj

.comment        0x00000000       0x45
 .comment       0x00000000       0x45 CMakeFiles/Balance_car_YuanDongMing.elf.dir/Core/Src/gpio.c.obj
                                 0x46 (size before relaxing)
 .comment       0x00000045       0x46 CMakeFiles/Balance_car_YuanDongMing.elf.dir/Core/Src/main.c.obj
 .comment       0x00000045       0x46 CMakeFiles/Balance_car_YuanDongMing.elf.dir/Core/Src/stm32f1xx_hal_msp.c.obj
 .comment       0x00000045       0x46 CMakeFiles/Balance_car_YuanDongMing.elf.dir/Core/Src/stm32f1xx_it.c.obj
 .comment       0x00000045       0x46 CMakeFiles/Balance_car_YuanDongMing.elf.dir/Core/Src/system_stm32f1xx.c.obj
 .comment       0x00000045       0x46 CMakeFiles/Balance_car_YuanDongMing.elf.dir/Drivers/STM32F1xx_HAL_Driver/Src/stm32f1xx_hal.c.obj
 .comment       0x00000045       0x46 CMakeFiles/Balance_car_YuanDongMing.elf.dir/Drivers/STM32F1xx_HAL_Driver/Src/stm32f1xx_hal_cortex.c.obj
 .comment       0x00000045       0x46 CMakeFiles/Balance_car_YuanDongMing.elf.dir/Drivers/STM32F1xx_HAL_Driver/Src/stm32f1xx_hal_gpio.c.obj
 .comment       0x00000045       0x46 CMakeFiles/Balance_car_YuanDongMing.elf.dir/Drivers/STM32F1xx_HAL_Driver/Src/stm32f1xx_hal_rcc.c.obj

.debug_frame    0x00000000      0x94c
 .debug_frame   0x00000000       0x38 CMakeFiles/Balance_car_YuanDongMing.elf.dir/Core/Src/gpio.c.obj
 .debug_frame   0x00000038       0x58 CMakeFiles/Balance_car_YuanDongMing.elf.dir/Core/Src/main.c.obj
 .debug_frame   0x00000090       0x28 CMakeFiles/Balance_car_YuanDongMing.elf.dir/Core/Src/stm32f1xx_hal_msp.c.obj
 .debug_frame   0x000000b8       0xa8 CMakeFiles/Balance_car_YuanDongMing.elf.dir/Core/Src/stm32f1xx_it.c.obj
 .debug_frame   0x00000160       0x30 CMakeFiles/Balance_car_YuanDongMing.elf.dir/Core/Src/system_stm32f1xx.c.obj
 .debug_frame   0x00000190      0x1cc CMakeFiles/Balance_car_YuanDongMing.elf.dir/Drivers/STM32F1xx_HAL_Driver/Src/stm32f1xx_hal.c.obj
 .debug_frame   0x0000035c      0x19c CMakeFiles/Balance_car_YuanDongMing.elf.dir/Drivers/STM32F1xx_HAL_Driver/Src/stm32f1xx_hal_cortex.c.obj
 .debug_frame   0x000004f8       0xe4 CMakeFiles/Balance_car_YuanDongMing.elf.dir/Drivers/STM32F1xx_HAL_Driver/Src/stm32f1xx_hal_gpio.c.obj
 .debug_frame   0x000005dc      0x184 CMakeFiles/Balance_car_YuanDongMing.elf.dir/Drivers/STM32F1xx_HAL_Driver/Src/stm32f1xx_hal_rcc.c.obj
 .debug_frame   0x00000760       0x2c D:/ProgramFiles/PATH/arm-gnu-toolchain-13.3.rel1-mingw-w64-i686-arm-none-eabi/arm-gnu-toolchain-13.3.rel1-mingw-w64-i686-arm-none-eabi/bin/../lib/gcc/arm-none-eabi/13.3.1/thumb/v7-m/nofp\libg.a(libc_a-memset.o)
 .debug_frame   0x0000078c       0x2c D:/ProgramFiles/PATH/arm-gnu-toolchain-13.3.rel1-mingw-w64-i686-arm-none-eabi/arm-gnu-toolchain-13.3.rel1-mingw-w64-i686-arm-none-eabi/bin/../lib/gcc/arm-none-eabi/13.3.1/thumb/v7-m/nofp\libg.a(libc_a-init.o)
 .debug_frame   0x000007b8       0xb0 D:/ProgramFiles/PATH/arm-gnu-toolchain-13.3.rel1-mingw-w64-i686-arm-none-eabi/arm-gnu-toolchain-13.3.rel1-mingw-w64-i686-arm-none-eabi/bin/../lib/gcc/arm-none-eabi/13.3.1/thumb/v7-m/nofp\libg.a(libc_a-lock.o)
 .debug_frame   0x00000868       0x5c D:/ProgramFiles/PATH/arm-gnu-toolchain-13.3.rel1-mingw-w64-i686-arm-none-eabi/arm-gnu-toolchain-13.3.rel1-mingw-w64-i686-arm-none-eabi/bin/../lib/gcc/arm-none-eabi/13.3.1/thumb/v7-m/nofp\libg.a(libc_a-__call_atexit.o)
 .debug_frame   0x000008c4       0x20 D:/ProgramFiles/PATH/arm-gnu-toolchain-13.3.rel1-mingw-w64-i686-arm-none-eabi/arm-gnu-toolchain-13.3.rel1-mingw-w64-i686-arm-none-eabi/bin/../lib/gcc/arm-none-eabi/13.3.1/thumb/v7-m/nofp\libg.a(libc_a-atexit.o)
 .debug_frame   0x000008e4       0x34 D:/ProgramFiles/PATH/arm-gnu-toolchain-13.3.rel1-mingw-w64-i686-arm-none-eabi/arm-gnu-toolchain-13.3.rel1-mingw-w64-i686-arm-none-eabi/bin/../lib/gcc/arm-none-eabi/13.3.1/thumb/v7-m/nofp\libg.a(libc_a-fini.o)
 .debug_frame   0x00000918       0x34 D:/ProgramFiles/PATH/arm-gnu-toolchain-13.3.rel1-mingw-w64-i686-arm-none-eabi/arm-gnu-toolchain-13.3.rel1-mingw-w64-i686-arm-none-eabi/bin/../lib/gcc/arm-none-eabi/13.3.1/thumb/v7-m/nofp\libg.a(libc_a-__atexit.o)

.debug_loclists
                0x00000000      0xe29
 .debug_loclists
                0x00000000       0x17 CMakeFiles/Balance_car_YuanDongMing.elf.dir/Core/Src/stm32f1xx_hal_msp.c.obj
 .debug_loclists
                0x00000017       0xb7 CMakeFiles/Balance_car_YuanDongMing.elf.dir/Core/Src/system_stm32f1xx.c.obj
 .debug_loclists
                0x000000ce       0xe1 CMakeFiles/Balance_car_YuanDongMing.elf.dir/Drivers/STM32F1xx_HAL_Driver/Src/stm32f1xx_hal.c.obj
 .debug_loclists
                0x000001af      0x530 CMakeFiles/Balance_car_YuanDongMing.elf.dir/Drivers/STM32F1xx_HAL_Driver/Src/stm32f1xx_hal_cortex.c.obj
 .debug_loclists
                0x000006df      0x31c CMakeFiles/Balance_car_YuanDongMing.elf.dir/Drivers/STM32F1xx_HAL_Driver/Src/stm32f1xx_hal_gpio.c.obj
 .debug_loclists
                0x000009fb      0x42e CMakeFiles/Balance_car_YuanDongMing.elf.dir/Drivers/STM32F1xx_HAL_Driver/Src/stm32f1xx_hal_rcc.c.obj

.debug_line_str
                0x00000000       0xb3
 .debug_line_str
                0x00000000       0xb3 CMakeFiles/Balance_car_YuanDongMing.elf.dir/Core/Startup/startup_stm32f103rctx.s.obj
